Value of objective function:     -10984.81499
V_1        0.0001986579026
V_2        0.0003023503312
V_3        0.0003919902489
V_4        0.0004721737198
V_5        0.0005425960167
V_6        0.0005999110325
V_7        0.0007754168186
V_8        0.0008982789978
V_9        0.0009694610169
V_100      0.0003079271383
V_101      0.0003032293231
V_102      0.0004044778659
V_103      0.0004978732014
V_104       0.000573667274
V_105      0.0006421539898
V_106      0.0006991431982
V_107      0.0007422664445
V_108      0.0008792165599
V_109      0.0009493425695
V_110      0.0009862018738
V_111      0.0009833942586
V_112      0.0009453871211
V_113      0.0008734528078
V_114      0.0007451794371
V_115      0.0007000972066
V_116      0.0006428690851
V_117      0.0005744663674
V_118      0.0004938051733
V_119      0.0004063065417
V_120      0.0003055839127
V_121      0.0003069456228
V_122      0.0004067535664
V_123      0.0004982994846
V_124      0.0005772672535
V_125      0.0006446321046
V_126      0.0007002865899
V_127      0.0007472442274
V_128      0.0008769184637
V_129      0.0009469052136
V_130       0.000984360576
V_131       0.000977924017
V_132      0.0009389181698
V_133      0.0008586418311
V_134       0.000719752165
V_135      0.0006751873533
V_136       0.000617924878
V_137      0.0005534701478
V_138      0.0004733397129
V_139      0.0003871914888
V_140      0.0002871802967
V_141      0.0003167159067
V_142      0.0004176410049
V_143      0.0005060685304
V_144      0.0005869380909
V_145      0.0006583861177
V_146      0.0007172487503
V_147       0.000761981008
V_148      0.0008884486482
V_149      0.0009628175674
V_150      0.0009973167334
V_151      0.0009987456854
V_152      0.0009636120065
V_153      0.0008920787959
V_154      0.0007659369191
V_155      0.0007210929503
V_156      0.0006654099568
V_157      0.0005971340251
V_158      0.0005145468106
V_159      0.0004206996658
V_160      0.0003194470701
V_161      0.0001865217415
V_162      0.0002871453217
V_163      0.0003813466436
V_164         0.0004584347
V_165      0.0005270483099
V_166      0.0005860060424
V_167      0.0007620128315
V_168      0.0008918586221
V_169      0.0009647907778
V_170                0.001
V_171      0.0009993050261
V_172      0.0009609767649
V_173      0.0008866468516
V_174       0.000753907218
V_175      0.0007063171025
V_176      0.0006498079344
V_177      0.0005834247361
V_178      0.0005025502122
V_179       0.000414266889
V_180      0.0003109567631
V_181      0.0003120289068
V_182      0.0004125170107
V_183      0.0005073736325
V_184      0.0005857302675
V_185      0.0006540023877
V_186       0.000710558533
V_187       0.000755279481
V_188      0.0008842331425
V_189      0.0009567068952
V_190      0.0009960855312
V_191      0.0009962102679
V_192      0.0009599777573
V_193       0.000884490033
V_194      0.0007541603393
V_195      0.0007102665336
V_196      0.0006507352406
V_197      0.0005844093471
V_198      0.0005053699579
V_199       0.000416450445
V_200      0.0003111652672
V_201      0.0003119297781
V_202      0.0004151771717
V_203      0.0005044110005
V_204      0.0005876079693
V_205      0.0006543983741
V_206      0.0007108954769
V_207      0.0007549263124
V_208      0.0008803973652
V_209      0.0009573587974
V_210      0.0009947196699
V_211      0.0009959429423
V_212      0.0009595110933
V_213      0.0008867159869
V_214      0.0007498993827
V_215      0.0007041112235
V_216      0.0006453003897
V_217      0.0005756491316
V_218      0.0004978728207
V_219       0.000406094487
V_220      0.0003079431603
V_221      0.0003100564087
V_222      0.0004128638827
V_223      0.0005012170193
V_224      0.0005805915888
V_225      0.0006491233723
V_226      0.0007058321903
V_227      0.0007525678501
V_228      0.0008854685386
V_229      0.0009605753824
V_230      0.0009979471111
V_231      0.0009998536838
V_232      0.0009632877357
V_233      0.0008930948778
V_234      0.0007578131784
V_235      0.0007124109328
V_236      0.0006565949705
V_237      0.0005914546952
V_238      0.0005151577683
V_239      0.0004205963225
V_240      0.0003136741498
V_241       0.000308611429
V_242      0.0004123843958
V_243      0.0004999941931
V_244      0.0005808815706
V_245      0.0006505944194
V_246      0.0007046932783
V_247      0.0007501025036
V_248      0.0008783895293
V_249      0.0009524547924
V_250      0.0009908461726
V_251      0.0009910270817
V_252      0.0009530315931
V_253      0.0008804378235
V_254      0.0007521967566
V_255      0.0007055184673
V_256         0.0006503527
V_257       0.000581208307
V_258      0.0005039151757
V_259      0.0004158744653
V_260      0.0003099688365
V_261      0.0003046564265
V_262      0.0004056829963
V_263      0.0004968342536
V_264      0.0005761625453
V_265      0.0006417222474
V_266      0.0007007645024
V_267      0.0007450398673
V_268      0.0008781734671
V_269      0.0009509606539
V_270      0.0009874390611
V_271      0.0009882092889
V_272      0.0009521875484
V_273      0.0008762075199
V_274       0.000743199203
V_275       0.000699598078
V_276      0.0006451502479
V_277      0.0005754999829
V_278      0.0004934761176
V_279      0.0004036656176
V_280      0.0003034526612
V_281      0.0003046643334
V_282      0.0004041803089
V_283      0.0004939372124
V_284      0.0005727357996
V_285      0.0006428506602
V_286      0.0007008208822
V_287      0.0007449131941
V_288      0.0008768404614
V_289      0.0009518900065
V_290      0.0009877351211
V_291      0.0009889342139
V_292      0.0009507771424
V_293       0.000877302758
V_294      0.0007439020281
V_295       0.000700515129
V_296      0.0006432444008
V_297       0.000577721901
V_298      0.0004962588107
V_299      0.0004090717453
V_300      0.0003039545155
V_301      0.0003042487848
V_302       0.000403990769
V_303      0.0004962212597
V_304      0.0005751218128
V_305      0.0006430671628
V_306      0.0007005901878
V_307      0.0007443497605
V_308      0.0008783552982
V_309       0.000952681983
V_310      0.0009902555014
V_311      0.0009910719539
V_312      0.0009546995695
V_313      0.0008819664962
V_314      0.0007506769469
V_315      0.0007045829524
V_316      0.0006487422897
V_317      0.0005797617327
V_318      0.0005016884096
V_319      0.0004096043282
V_320      0.0003088768174
V_321      0.0003036800273
V_322      0.0004074351852
V_323      0.0004955943919
V_324       0.000577448064
V_325      0.0006423917958
V_326      0.0006994061008
V_327      0.0007435213434
V_328      0.0008767853704
V_329      0.0009536738076
V_330      0.0009902925929
V_331      0.0009907196587
V_332      0.0009532927964
V_333      0.0008822672017
V_334      0.0007575572592
V_335      0.0007112468603
V_336      0.0006552765675
V_337      0.0005865278735
V_338      0.0005063942105
V_339      0.0004178712623
V_340      0.0003137828746
V_341      0.0003007864906
V_342      0.0004054724659
V_343      0.0004931735324
V_344      0.0005703377835
V_345      0.0006380570871
V_346      0.0006952522835
V_347      0.0007396579595
V_348      0.0008722427388
V_349      0.0009457949243
V_350      0.0009837011016
V_351      0.0009802947975
V_352      0.0009415041582
V_353      0.0008676819091
V_354      0.0007413445422
V_355      0.0006974014177
V_356      0.0006408852889
V_357      0.0005709283914
V_358      0.0004942157908
V_359      0.0004008660556
V_360      0.0003020260912
V_361      0.0003033191299
V_362      0.0004070844167
V_363      0.0004985039449
V_364      0.0005765094409
V_365       0.000643664069
V_366      0.0006998584116
V_367       0.000743165458
V_368      0.0008724456205
V_369      0.0009452398809
V_370       0.000983771319
V_371      0.0009841446912
V_372       0.000947425406
V_373      0.0008735779514
V_374      0.0007460319956
V_375      0.0007008043754
V_376      0.0006461506748
V_377      0.0005767202445
V_378      0.0005000631871
V_379      0.0004102534703
V_380      0.0003054605704
V_381       0.000306764153
V_382      0.0004067089083
V_383      0.0004982861086
V_384      0.0005746928062
V_385      0.0006418659749
V_386      0.0007006971161
V_387      0.0007475906544
V_388      0.0008724394431
V_389      0.0009499299964
V_390      0.0009871060791
V_391      0.0009869074172
V_392      0.0009485904472
V_393      0.0008770434064
V_394       0.000743957146
V_395      0.0006979612858
V_396      0.0006445032819
V_397      0.0005780560897
V_398      0.0004984177305
V_399      0.0004067668784
V_400      0.0003037362368
V_10        0.001002872985
V_11        0.001000930257
V_12       0.0009607343757
V_13       0.0008874664463
V_14        0.000754665141
V_15       0.0007087150979
V_16       0.0006511583825
V_17       0.0005828640957
V_18       0.0005055628168
V_19       0.0004133083858
V_20       0.0003134370271
V_21       0.0003161354141
V_22       0.0004194179148
V_23       0.0005125999582
V_24       0.0005902959116
V_25       0.0006585383176
V_26       0.0007136772285
V_27       0.0007583931526
V_28       0.0008823607219
V_29       0.0009548570679
V_30       0.0009938124799
V_31       0.0009953187762
V_32       0.0009587783211
V_33       0.0008851638241
V_34       0.0007561439966
V_35       0.0007095905178
V_36       0.0006519536142
V_37        0.000582919808
V_38       0.0005068435551
V_39       0.0004143766762
V_40       0.0003144408559
V_41       0.0003065651315
V_42       0.0004076309684
V_43       0.0004968834055
V_44       0.0005735664887
V_45       0.0006419781843
V_46       0.0007010661297
V_47       0.0007452794829
V_48       0.0008723041396
V_49       0.0009492270251
V_50       0.0009872805614
V_51       0.0009875636623
V_52       0.0009496817968
V_53       0.0008778834288
V_54       0.0007526404949
V_55        0.000706514362
V_56       0.0006501867154
V_57        0.000583653455
V_58       0.0005050862191
V_59       0.0004122289574
V_60       0.0003117450895
V_61       0.0002973650327
V_62       0.0003950266539
V_63       0.0004815316235
V_64       0.0005645621099
V_65       0.0006310913422
V_66       0.0006891652891
V_67       0.0007327998481
V_68       0.0008714538395
V_69       0.0009475411574
V_70       0.0009854239739
V_71       0.0009864296806
V_72       0.0009512965491
V_73       0.0008841943758
V_74       0.0007572261284
V_75       0.0007123793332
V_76       0.0006561434976
V_77       0.0005911991559
V_78       0.0005106802124
V_79       0.0004187762999
V_80       0.0003148242227
V_81       0.0003190211857
V_82         0.00042443041
V_83       0.0005154409555
V_84       0.0005914119912
V_85       0.0006605111891
V_86        0.000717562222
V_87       0.0007636550718
V_88       0.0008864345571
V_89       0.0009581633894
V_90       0.0009927321913
V_91       0.0009919211562
V_92        0.000954148232
V_93          0.0008800183
V_94        0.000748391348
V_95       0.0007048802809
V_96       0.0006499884602
V_97       0.0005828543494
V_98       0.0005015649767
V_99       0.0004114533876
